// Jest Snapshot v1, https://goo.gl/fbAQLP

exports[`<Modal /> matches the snapshot 1`] = `
<Modal
  isOpen={true}
>
  <Modal
    aria={
      Object {
        "describedby": "modal__description",
        "labelledby": "modal__heading",
        "modal": "true",
      }
    }
    ariaHideApp={true}
    bodyOpenClassName="modal--open"
    className="modal__content modal__content"
    closeTimeoutMS={0}
    isOpen={true}
    overlayClassName="modal__overlay modal__overlay"
    parentSelector={[Function]}
    portalClassName="modal"
    role="dialog"
    shouldCloseOnEsc={true}
    shouldCloseOnOverlayClick={true}
    shouldFocusAfterRender={true}
    shouldReturnFocusAfterClose={true}
  >
    <Portal
      containerInfo={
        <div
          class="modal"
        >
          <div
            class="ReactModal__Overlay ReactModal__Overlay--after-open modal__overlay modal__overlay"
          >
            <div
              aria-describedby="modal__description"
              aria-labelledby="modal__heading"
              aria-modal="true"
              class="ReactModal__Content ReactModal__Content--after-open modal__content modal__content"
              role="dialog"
              tabindex="-1"
            >
              
              <div
                id="modal__description"
              >
                <div>
                  Content
                </div>
              </div>
            </div>
          </div>
        </div>
      }
    >
      <ModalPortal
        aria={
          Object {
            "describedby": "modal__description",
            "labelledby": "modal__heading",
            "modal": "true",
          }
        }
        ariaHideApp={true}
        bodyOpenClassName="modal--open"
        className="modal__content modal__content"
        closeTimeoutMS={0}
        defaultStyles={
          Object {
            "content": Object {
              "WebkitOverflowScrolling": "touch",
              "background": "#fff",
              "border": "1px solid #ccc",
              "borderRadius": "4px",
              "bottom": "40px",
              "left": "40px",
              "outline": "none",
              "overflow": "auto",
              "padding": "20px",
              "position": "absolute",
              "right": "40px",
              "top": "40px",
            },
            "overlay": Object {
              "backgroundColor": "rgba(255, 255, 255, 0.75)",
              "bottom": 0,
              "left": 0,
              "position": "fixed",
              "right": 0,
              "top": 0,
            },
          }
        }
        isOpen={true}
        overlayClassName="modal__overlay modal__overlay"
        parentSelector={[Function]}
        portalClassName="modal"
        role="dialog"
        shouldCloseOnEsc={true}
        shouldCloseOnOverlayClick={true}
        shouldFocusAfterRender={true}
        shouldReturnFocusAfterClose={true}
        style={
          Object {
            "content": Object {},
            "overlay": Object {},
          }
        }
      >
        <div
          className="ReactModal__Overlay ReactModal__Overlay--after-open modal__overlay modal__overlay"
          onClick={[Function]}
          onMouseDown={[Function]}
          style={Object {}}
        >
          <div
            aria-describedby="modal__description"
            aria-labelledby="modal__heading"
            aria-modal="true"
            className="ReactModal__Content ReactModal__Content--after-open modal__content modal__content"
            onClick={[Function]}
            onKeyDown={[Function]}
            onMouseDown={[Function]}
            onMouseUp={[Function]}
            role="dialog"
            style={Object {}}
            tabIndex="-1"
          >
            <div
              id="modal__description"
            >
              <div>
                Content
              </div>
            </div>
          </div>
        </div>
      </ModalPortal>
    </Portal>
  </Modal>
</Modal>
`;
