// Jest Snapshot v1, https://goo.gl/fbAQLP

exports[`<Hero /> matches the snapshot 1`] = `
<Hero
  content={
    Object {
      "header": "Header",
      "image": Object {
        "alt": "Alt",
        "localImage": Object {
          "childImageSharp": Object {
            "fluid": Object {
              "aspectRatio": 1.3639181649101053,
              "base64": "data:image/jpeg;base64,/9j/2wBDABALDA4MChAODQ4SERATGCgaGBYWGDEjJR0oOjM9PDkzODdASFxOQERXRTc4UG1RV19iZ2hnPk1xeXBkeFxlZ2P/2wBDARESEhgVGC8aGi9jQjhCY2NjY2NjY2NjY2NjY2NjY2NjY2NjY2NjY2NjY2NjY2NjY2NjY2NjY2NjY2NjY2NjY2P/wgARCAAPABQDASIAAhEBAxEB/8QAFwABAQEBAAAAAAAAAAAAAAAAAAMBBP/EABYBAQEBAAAAAAAAAAAAAAAAAAIBA//aAAwDAQACEAMQAAABtaDF46jn/8QAGBABAAMBAAAAAAAAAAAAAAAAAQACIRH/2gAIAQEAAQUCOiJLOisNaT//xAAWEQEBAQAAAAAAAAAAAAAAAAAAARL/2gAIAQMBAT8Baj//xAAWEQEBAQAAAAAAAAAAAAAAAAAAARL/2gAIAQIBAT8BjFf/xAAaEAACAgMAAAAAAAAAAAAAAAABEQAQIUFx/9oACAEBAAY/AtKI0Qsij2f/xAAbEAACAwADAAAAAAAAAAAAAAABEQAhMWFx4f/aAAgBAQABPyF8Tbl6ZgBwY00h0xMNR2vyAKEApGZ//9oADAMBAAIAAwAAABBED//EABgRAAIDAAAAAAAAAAAAAAAAAAARASFh/9oACAEDAQE/EJwVSP/EABYRAQEBAAAAAAAAAAAAAAAAABEAIf/aAAgBAgEBPxDRLrf/xAAaEAEAAwEBAQAAAAAAAAAAAAABABEhMUGR/9oACAEBAAE/ENEODrpaeRSbBgdhYqZVT4xhxuFRsZdVsebQii6YCKmT/9k=",
              "sizes": "(max-width: 800px) 100vw, 800px",
              "src": "/static/19d6fa90d8c16a12c22f10dd36139c04/bc3a8/c2a86e7d-9037-478a-926d-8e2cc27cda69.jpg",
              "srcSet": "/static/19d6fa90d8c16a12c22f10dd36139c04/d278e/c2a86e7d-9037-478a-926d-8e2cc27cda69.jpg 200w,
/static/19d6fa90d8c16a12c22f10dd36139c04/8539d/c2a86e7d-9037-478a-926d-8e2cc27cda69.jpg 400w,
/static/19d6fa90d8c16a12c22f10dd36139c04/bc3a8/c2a86e7d-9037-478a-926d-8e2cc27cda69.jpg 800w,
/static/19d6fa90d8c16a12c22f10dd36139c04/81ef8/c2a86e7d-9037-478a-926d-8e2cc27cda69.jpg 1200w,
/static/19d6fa90d8c16a12c22f10dd36139c04/989b1/c2a86e7d-9037-478a-926d-8e2cc27cda69.jpg 1600w,
/static/19d6fa90d8c16a12c22f10dd36139c04/c82f6/c2a86e7d-9037-478a-926d-8e2cc27cda69.jpg 2400w,
/static/19d6fa90d8c16a12c22f10dd36139c04/8c25d/c2a86e7d-9037-478a-926d-8e2cc27cda69.jpg 4400w",
              "srcSetWebp": "/static/19d6fa90d8c16a12c22f10dd36139c04/1932c/c2a86e7d-9037-478a-926d-8e2cc27cda69.webp 200w,
/static/19d6fa90d8c16a12c22f10dd36139c04/f4957/c2a86e7d-9037-478a-926d-8e2cc27cda69.webp 400w,
/static/19d6fa90d8c16a12c22f10dd36139c04/c6096/c2a86e7d-9037-478a-926d-8e2cc27cda69.webp 800w,
/static/19d6fa90d8c16a12c22f10dd36139c04/b6424/c2a86e7d-9037-478a-926d-8e2cc27cda69.webp 1200w,
/static/19d6fa90d8c16a12c22f10dd36139c04/7a72d/c2a86e7d-9037-478a-926d-8e2cc27cda69.webp 1600w,
/static/19d6fa90d8c16a12c22f10dd36139c04/c5845/c2a86e7d-9037-478a-926d-8e2cc27cda69.webp 2400w,
/static/19d6fa90d8c16a12c22f10dd36139c04/dc113/c2a86e7d-9037-478a-926d-8e2cc27cda69.webp 4400w",
              "srcWebp": "/static/19d6fa90d8c16a12c22f10dd36139c04/c6096/c2a86e7d-9037-478a-926d-8e2cc27cda69.webp",
            },
          },
          "id": "0bcf6c75-0450-554d-89c7-85316cc28839",
        },
        "url": "https://scm-assets.constant.co/scm/unilever/1d398653b55393fd6da9bff8ea193338/bab4fc1b-c269-44c1-8d60-367626f8b029.jpg",
      },
      "longSubheader": "Long subheader",
      "primaryCta": Object {
        "label": "Primary CTA",
        "linkTo": "",
      },
      "secondaryCta": Object {
        "label": "Secondary CTA",
        "linkTo": "",
      },
      "shortSubheader": "Short subheader",
    }
  }
  imageIsLink={false}
  viewType="Image"
>
  <div
    className="hero hero"
    data-componentname="hero"
    data-componentview="hero"
  >
    <div
      className="hero__image image"
      onClick={[Function]}
    >
      <Composition
        alt="Alt"
        localImage={
          Object {
            "childImageSharp": Object {
              "fluid": Object {
                "aspectRatio": 1.3639181649101053,
                "base64": "data:image/jpeg;base64,/9j/2wBDABALDA4MChAODQ4SERATGCgaGBYWGDEjJR0oOjM9PDkzODdASFxOQERXRTc4UG1RV19iZ2hnPk1xeXBkeFxlZ2P/2wBDARESEhgVGC8aGi9jQjhCY2NjY2NjY2NjY2NjY2NjY2NjY2NjY2NjY2NjY2NjY2NjY2NjY2NjY2NjY2NjY2NjY2P/wgARCAAPABQDASIAAhEBAxEB/8QAFwABAQEBAAAAAAAAAAAAAAAAAAMBBP/EABYBAQEBAAAAAAAAAAAAAAAAAAIBA//aAAwDAQACEAMQAAABtaDF46jn/8QAGBABAAMBAAAAAAAAAAAAAAAAAQACIRH/2gAIAQEAAQUCOiJLOisNaT//xAAWEQEBAQAAAAAAAAAAAAAAAAAAARL/2gAIAQMBAT8Baj//xAAWEQEBAQAAAAAAAAAAAAAAAAAAARL/2gAIAQIBAT8BjFf/xAAaEAACAgMAAAAAAAAAAAAAAAABEQAQIUFx/9oACAEBAAY/AtKI0Qsij2f/xAAbEAACAwADAAAAAAAAAAAAAAABEQAhMWFx4f/aAAgBAQABPyF8Tbl6ZgBwY00h0xMNR2vyAKEApGZ//9oADAMBAAIAAwAAABBED//EABgRAAIDAAAAAAAAAAAAAAAAAAARASFh/9oACAEDAQE/EJwVSP/EABYRAQEBAAAAAAAAAAAAAAAAABEAIf/aAAgBAgEBPxDRLrf/xAAaEAEAAwEBAQAAAAAAAAAAAAABABEhMUGR/9oACAEBAAE/ENEODrpaeRSbBgdhYqZVT4xhxuFRsZdVsebQii6YCKmT/9k=",
                "sizes": "(max-width: 800px) 100vw, 800px",
                "src": "/static/19d6fa90d8c16a12c22f10dd36139c04/bc3a8/c2a86e7d-9037-478a-926d-8e2cc27cda69.jpg",
                "srcSet": "/static/19d6fa90d8c16a12c22f10dd36139c04/d278e/c2a86e7d-9037-478a-926d-8e2cc27cda69.jpg 200w,
/static/19d6fa90d8c16a12c22f10dd36139c04/8539d/c2a86e7d-9037-478a-926d-8e2cc27cda69.jpg 400w,
/static/19d6fa90d8c16a12c22f10dd36139c04/bc3a8/c2a86e7d-9037-478a-926d-8e2cc27cda69.jpg 800w,
/static/19d6fa90d8c16a12c22f10dd36139c04/81ef8/c2a86e7d-9037-478a-926d-8e2cc27cda69.jpg 1200w,
/static/19d6fa90d8c16a12c22f10dd36139c04/989b1/c2a86e7d-9037-478a-926d-8e2cc27cda69.jpg 1600w,
/static/19d6fa90d8c16a12c22f10dd36139c04/c82f6/c2a86e7d-9037-478a-926d-8e2cc27cda69.jpg 2400w,
/static/19d6fa90d8c16a12c22f10dd36139c04/8c25d/c2a86e7d-9037-478a-926d-8e2cc27cda69.jpg 4400w",
                "srcSetWebp": "/static/19d6fa90d8c16a12c22f10dd36139c04/1932c/c2a86e7d-9037-478a-926d-8e2cc27cda69.webp 200w,
/static/19d6fa90d8c16a12c22f10dd36139c04/f4957/c2a86e7d-9037-478a-926d-8e2cc27cda69.webp 400w,
/static/19d6fa90d8c16a12c22f10dd36139c04/c6096/c2a86e7d-9037-478a-926d-8e2cc27cda69.webp 800w,
/static/19d6fa90d8c16a12c22f10dd36139c04/b6424/c2a86e7d-9037-478a-926d-8e2cc27cda69.webp 1200w,
/static/19d6fa90d8c16a12c22f10dd36139c04/7a72d/c2a86e7d-9037-478a-926d-8e2cc27cda69.webp 1600w,
/static/19d6fa90d8c16a12c22f10dd36139c04/c5845/c2a86e7d-9037-478a-926d-8e2cc27cda69.webp 2400w,
/static/19d6fa90d8c16a12c22f10dd36139c04/dc113/c2a86e7d-9037-478a-926d-8e2cc27cda69.webp 4400w",
                "srcWebp": "/static/19d6fa90d8c16a12c22f10dd36139c04/c6096/c2a86e7d-9037-478a-926d-8e2cc27cda69.webp",
              },
            },
            "id": "0bcf6c75-0450-554d-89c7-85316cc28839",
          }
        }
      >
        <AdaptiveImage
          alt="Alt"
          localImage={
            Object {
              "childImageSharp": Object {
                "fluid": Object {
                  "aspectRatio": 1.3639181649101053,
                  "base64": "data:image/jpeg;base64,/9j/2wBDABALDA4MChAODQ4SERATGCgaGBYWGDEjJR0oOjM9PDkzODdASFxOQERXRTc4UG1RV19iZ2hnPk1xeXBkeFxlZ2P/2wBDARESEhgVGC8aGi9jQjhCY2NjY2NjY2NjY2NjY2NjY2NjY2NjY2NjY2NjY2NjY2NjY2NjY2NjY2NjY2NjY2NjY2P/wgARCAAPABQDASIAAhEBAxEB/8QAFwABAQEBAAAAAAAAAAAAAAAAAAMBBP/EABYBAQEBAAAAAAAAAAAAAAAAAAIBA//aAAwDAQACEAMQAAABtaDF46jn/8QAGBABAAMBAAAAAAAAAAAAAAAAAQACIRH/2gAIAQEAAQUCOiJLOisNaT//xAAWEQEBAQAAAAAAAAAAAAAAAAAAARL/2gAIAQMBAT8Baj//xAAWEQEBAQAAAAAAAAAAAAAAAAAAARL/2gAIAQIBAT8BjFf/xAAaEAACAgMAAAAAAAAAAAAAAAABEQAQIUFx/9oACAEBAAY/AtKI0Qsij2f/xAAbEAACAwADAAAAAAAAAAAAAAABEQAhMWFx4f/aAAgBAQABPyF8Tbl6ZgBwY00h0xMNR2vyAKEApGZ//9oADAMBAAIAAwAAABBED//EABgRAAIDAAAAAAAAAAAAAAAAAAARASFh/9oACAEDAQE/EJwVSP/EABYRAQEBAAAAAAAAAAAAAAAAABEAIf/aAAgBAgEBPxDRLrf/xAAaEAEAAwEBAQAAAAAAAAAAAAABABEhMUGR/9oACAEBAAE/ENEODrpaeRSbBgdhYqZVT4xhxuFRsZdVsebQii6YCKmT/9k=",
                  "sizes": "(max-width: 800px) 100vw, 800px",
                  "src": "/static/19d6fa90d8c16a12c22f10dd36139c04/bc3a8/c2a86e7d-9037-478a-926d-8e2cc27cda69.jpg",
                  "srcSet": "/static/19d6fa90d8c16a12c22f10dd36139c04/d278e/c2a86e7d-9037-478a-926d-8e2cc27cda69.jpg 200w,
/static/19d6fa90d8c16a12c22f10dd36139c04/8539d/c2a86e7d-9037-478a-926d-8e2cc27cda69.jpg 400w,
/static/19d6fa90d8c16a12c22f10dd36139c04/bc3a8/c2a86e7d-9037-478a-926d-8e2cc27cda69.jpg 800w,
/static/19d6fa90d8c16a12c22f10dd36139c04/81ef8/c2a86e7d-9037-478a-926d-8e2cc27cda69.jpg 1200w,
/static/19d6fa90d8c16a12c22f10dd36139c04/989b1/c2a86e7d-9037-478a-926d-8e2cc27cda69.jpg 1600w,
/static/19d6fa90d8c16a12c22f10dd36139c04/c82f6/c2a86e7d-9037-478a-926d-8e2cc27cda69.jpg 2400w,
/static/19d6fa90d8c16a12c22f10dd36139c04/8c25d/c2a86e7d-9037-478a-926d-8e2cc27cda69.jpg 4400w",
                  "srcSetWebp": "/static/19d6fa90d8c16a12c22f10dd36139c04/1932c/c2a86e7d-9037-478a-926d-8e2cc27cda69.webp 200w,
/static/19d6fa90d8c16a12c22f10dd36139c04/f4957/c2a86e7d-9037-478a-926d-8e2cc27cda69.webp 400w,
/static/19d6fa90d8c16a12c22f10dd36139c04/c6096/c2a86e7d-9037-478a-926d-8e2cc27cda69.webp 800w,
/static/19d6fa90d8c16a12c22f10dd36139c04/b6424/c2a86e7d-9037-478a-926d-8e2cc27cda69.webp 1200w,
/static/19d6fa90d8c16a12c22f10dd36139c04/7a72d/c2a86e7d-9037-478a-926d-8e2cc27cda69.webp 1600w,
/static/19d6fa90d8c16a12c22f10dd36139c04/c5845/c2a86e7d-9037-478a-926d-8e2cc27cda69.webp 2400w,
/static/19d6fa90d8c16a12c22f10dd36139c04/dc113/c2a86e7d-9037-478a-926d-8e2cc27cda69.webp 4400w",
                  "srcWebp": "/static/19d6fa90d8c16a12c22f10dd36139c04/c6096/c2a86e7d-9037-478a-926d-8e2cc27cda69.webp",
                },
              },
              "id": "0bcf6c75-0450-554d-89c7-85316cc28839",
            }
          }
        >
          <ImageContainer
            classNames="adaptive-image adaptiveImage"
          >
            <div
              className="adaptive-image adaptiveImage"
              data-componentname="adaptive-image"
            >
              <Image
                Tag="div"
                alt="Alt"
                className="adaptive-image__image"
                critical={false}
                durationFadeIn={500}
                fadeIn={true}
                fluid={
                  Object {
                    "aspectRatio": 1.3639181649101053,
                    "base64": "data:image/jpeg;base64,/9j/2wBDABALDA4MChAODQ4SERATGCgaGBYWGDEjJR0oOjM9PDkzODdASFxOQERXRTc4UG1RV19iZ2hnPk1xeXBkeFxlZ2P/2wBDARESEhgVGC8aGi9jQjhCY2NjY2NjY2NjY2NjY2NjY2NjY2NjY2NjY2NjY2NjY2NjY2NjY2NjY2NjY2NjY2NjY2P/wgARCAAPABQDASIAAhEBAxEB/8QAFwABAQEBAAAAAAAAAAAAAAAAAAMBBP/EABYBAQEBAAAAAAAAAAAAAAAAAAIBA//aAAwDAQACEAMQAAABtaDF46jn/8QAGBABAAMBAAAAAAAAAAAAAAAAAQACIRH/2gAIAQEAAQUCOiJLOisNaT//xAAWEQEBAQAAAAAAAAAAAAAAAAAAARL/2gAIAQMBAT8Baj//xAAWEQEBAQAAAAAAAAAAAAAAAAAAARL/2gAIAQIBAT8BjFf/xAAaEAACAgMAAAAAAAAAAAAAAAABEQAQIUFx/9oACAEBAAY/AtKI0Qsij2f/xAAbEAACAwADAAAAAAAAAAAAAAABEQAhMWFx4f/aAAgBAQABPyF8Tbl6ZgBwY00h0xMNR2vyAKEApGZ//9oADAMBAAIAAwAAABBED//EABgRAAIDAAAAAAAAAAAAAAAAAAARASFh/9oACAEDAQE/EJwVSP/EABYRAQEBAAAAAAAAAAAAAAAAABEAIf/aAAgBAgEBPxDRLrf/xAAaEAEAAwEBAQAAAAAAAAAAAAABABEhMUGR/9oACAEBAAE/ENEODrpaeRSbBgdhYqZVT4xhxuFRsZdVsebQii6YCKmT/9k=",
                    "sizes": "(max-width: 800px) 100vw, 800px",
                    "src": "/static/19d6fa90d8c16a12c22f10dd36139c04/bc3a8/c2a86e7d-9037-478a-926d-8e2cc27cda69.jpg",
                    "srcSet": "/static/19d6fa90d8c16a12c22f10dd36139c04/d278e/c2a86e7d-9037-478a-926d-8e2cc27cda69.jpg 200w,
/static/19d6fa90d8c16a12c22f10dd36139c04/8539d/c2a86e7d-9037-478a-926d-8e2cc27cda69.jpg 400w,
/static/19d6fa90d8c16a12c22f10dd36139c04/bc3a8/c2a86e7d-9037-478a-926d-8e2cc27cda69.jpg 800w,
/static/19d6fa90d8c16a12c22f10dd36139c04/81ef8/c2a86e7d-9037-478a-926d-8e2cc27cda69.jpg 1200w,
/static/19d6fa90d8c16a12c22f10dd36139c04/989b1/c2a86e7d-9037-478a-926d-8e2cc27cda69.jpg 1600w,
/static/19d6fa90d8c16a12c22f10dd36139c04/c82f6/c2a86e7d-9037-478a-926d-8e2cc27cda69.jpg 2400w,
/static/19d6fa90d8c16a12c22f10dd36139c04/8c25d/c2a86e7d-9037-478a-926d-8e2cc27cda69.jpg 4400w",
                    "srcSetWebp": "/static/19d6fa90d8c16a12c22f10dd36139c04/1932c/c2a86e7d-9037-478a-926d-8e2cc27cda69.webp 200w,
/static/19d6fa90d8c16a12c22f10dd36139c04/f4957/c2a86e7d-9037-478a-926d-8e2cc27cda69.webp 400w,
/static/19d6fa90d8c16a12c22f10dd36139c04/c6096/c2a86e7d-9037-478a-926d-8e2cc27cda69.webp 800w,
/static/19d6fa90d8c16a12c22f10dd36139c04/b6424/c2a86e7d-9037-478a-926d-8e2cc27cda69.webp 1200w,
/static/19d6fa90d8c16a12c22f10dd36139c04/7a72d/c2a86e7d-9037-478a-926d-8e2cc27cda69.webp 1600w,
/static/19d6fa90d8c16a12c22f10dd36139c04/c5845/c2a86e7d-9037-478a-926d-8e2cc27cda69.webp 2400w,
/static/19d6fa90d8c16a12c22f10dd36139c04/dc113/c2a86e7d-9037-478a-926d-8e2cc27cda69.webp 4400w",
                    "srcWebp": "/static/19d6fa90d8c16a12c22f10dd36139c04/c6096/c2a86e7d-9037-478a-926d-8e2cc27cda69.webp",
                  }
                }
              >
                <div
                  className="adaptive-image__image gatsby-image-wrapper"
                  key="fluid-\\"/static/19d6fa90d8c16a12c22f10dd36139c04/d278e/c2a86e7d-9037-478a-926d-8e2cc27cda69.jpg 200w,\\\\n/static/19d6fa90d8c16a12c22f10dd36139c04/8539d/c2a86e7d-9037-478a-926d-8e2cc27cda69.jpg 400w,\\\\n/static/19d6fa90d8c16a12c22f10dd36139c04/bc3a8/c2a86e7d-9037-478a-926d-8e2cc27cda69.jpg 800w,\\\\n/static/19d6fa90d8c16a12c22f10dd36139c04/81ef8/c2a86e7d-9037-478a-926d-8e2cc27cda69.jpg 1200w,\\\\n/static/19d6fa90d8c16a12c22f10dd36139c04/989b1/c2a86e7d-9037-478a-926d-8e2cc27cda69.jpg 1600w,\\\\n/static/19d6fa90d8c16a12c22f10dd36139c04/c82f6/c2a86e7d-9037-478a-926d-8e2cc27cda69.jpg 2400w,\\\\n/static/19d6fa90d8c16a12c22f10dd36139c04/8c25d/c2a86e7d-9037-478a-926d-8e2cc27cda69.jpg 4400w\\""
                  style={
                    Object {
                      "overflow": "hidden",
                      "position": "relative",
                    }
                  }
                >
                  <div
                    style={
                      Object {
                        "paddingBottom": "73.31818181818183%",
                        "width": "100%",
                      }
                    }
                  />
                  <ForwardRef
                    alt=""
                    src="data:image/jpeg;base64,/9j/2wBDABALDA4MChAODQ4SERATGCgaGBYWGDEjJR0oOjM9PDkzODdASFxOQERXRTc4UG1RV19iZ2hnPk1xeXBkeFxlZ2P/2wBDARESEhgVGC8aGi9jQjhCY2NjY2NjY2NjY2NjY2NjY2NjY2NjY2NjY2NjY2NjY2NjY2NjY2NjY2NjY2NjY2NjY2P/wgARCAAPABQDASIAAhEBAxEB/8QAFwABAQEBAAAAAAAAAAAAAAAAAAMBBP/EABYBAQEBAAAAAAAAAAAAAAAAAAIBA//aAAwDAQACEAMQAAABtaDF46jn/8QAGBABAAMBAAAAAAAAAAAAAAAAAQACIRH/2gAIAQEAAQUCOiJLOisNaT//xAAWEQEBAQAAAAAAAAAAAAAAAAAAARL/2gAIAQMBAT8Baj//xAAWEQEBAQAAAAAAAAAAAAAAAAAAARL/2gAIAQIBAT8BjFf/xAAaEAACAgMAAAAAAAAAAAAAAAABEQAQIUFx/9oACAEBAAY/AtKI0Qsij2f/xAAbEAACAwADAAAAAAAAAAAAAAABEQAhMWFx4f/aAAgBAQABPyF8Tbl6ZgBwY00h0xMNR2vyAKEApGZ//9oADAMBAAIAAwAAABBED//EABgRAAIDAAAAAAAAAAAAAAAAAAARASFh/9oACAEDAQE/EJwVSP/EABYRAQEBAAAAAAAAAAAAAAAAABEAIf/aAAgBAgEBPxDRLrf/xAAaEAEAAwEBAQAAAAAAAAAAAAABABEhMUGR/9oACAEBAAE/ENEODrpaeRSbBgdhYqZVT4xhxuFRsZdVsebQii6YCKmT/9k="
                    style={
                      Object {
                        "opacity": 1,
                        "transitionDelay": "500ms",
                      }
                    }
                  >
                    <img
                      alt=""
                      src="data:image/jpeg;base64,/9j/2wBDABALDA4MChAODQ4SERATGCgaGBYWGDEjJR0oOjM9PDkzODdASFxOQERXRTc4UG1RV19iZ2hnPk1xeXBkeFxlZ2P/2wBDARESEhgVGC8aGi9jQjhCY2NjY2NjY2NjY2NjY2NjY2NjY2NjY2NjY2NjY2NjY2NjY2NjY2NjY2NjY2NjY2NjY2P/wgARCAAPABQDASIAAhEBAxEB/8QAFwABAQEBAAAAAAAAAAAAAAAAAAMBBP/EABYBAQEBAAAAAAAAAAAAAAAAAAIBA//aAAwDAQACEAMQAAABtaDF46jn/8QAGBABAAMBAAAAAAAAAAAAAAAAAQACIRH/2gAIAQEAAQUCOiJLOisNaT//xAAWEQEBAQAAAAAAAAAAAAAAAAAAARL/2gAIAQMBAT8Baj//xAAWEQEBAQAAAAAAAAAAAAAAAAAAARL/2gAIAQIBAT8BjFf/xAAaEAACAgMAAAAAAAAAAAAAAAABEQAQIUFx/9oACAEBAAY/AtKI0Qsij2f/xAAbEAACAwADAAAAAAAAAAAAAAABEQAhMWFx4f/aAAgBAQABPyF8Tbl6ZgBwY00h0xMNR2vyAKEApGZ//9oADAMBAAIAAwAAABBED//EABgRAAIDAAAAAAAAAAAAAAAAAAARASFh/9oACAEDAQE/EJwVSP/EABYRAQEBAAAAAAAAAAAAAAAAABEAIf/aAAgBAgEBPxDRLrf/xAAaEAEAAwEBAQAAAAAAAAAAAAABABEhMUGR/9oACAEBAAE/ENEODrpaeRSbBgdhYqZVT4xhxuFRsZdVsebQii6YCKmT/9k="
                      style={
                        Object {
                          "height": "100%",
                          "left": 0,
                          "objectFit": "cover",
                          "objectPosition": "center",
                          "opacity": 1,
                          "position": "absolute",
                          "top": 0,
                          "transitionDelay": "500ms",
                          "width": "100%",
                        }
                      }
                    />
                  </ForwardRef>
                  <picture>
                    <source
                      sizes="(max-width: 800px) 100vw, 800px"
                      srcSet="/static/19d6fa90d8c16a12c22f10dd36139c04/1932c/c2a86e7d-9037-478a-926d-8e2cc27cda69.webp 200w,
/static/19d6fa90d8c16a12c22f10dd36139c04/f4957/c2a86e7d-9037-478a-926d-8e2cc27cda69.webp 400w,
/static/19d6fa90d8c16a12c22f10dd36139c04/c6096/c2a86e7d-9037-478a-926d-8e2cc27cda69.webp 800w,
/static/19d6fa90d8c16a12c22f10dd36139c04/b6424/c2a86e7d-9037-478a-926d-8e2cc27cda69.webp 1200w,
/static/19d6fa90d8c16a12c22f10dd36139c04/7a72d/c2a86e7d-9037-478a-926d-8e2cc27cda69.webp 1600w,
/static/19d6fa90d8c16a12c22f10dd36139c04/c5845/c2a86e7d-9037-478a-926d-8e2cc27cda69.webp 2400w,
/static/19d6fa90d8c16a12c22f10dd36139c04/dc113/c2a86e7d-9037-478a-926d-8e2cc27cda69.webp 4400w"
                      type="image/webp"
                    />
                    <ForwardRef
                      alt="Alt"
                      onLoad={[Function]}
                      sizes="(max-width: 800px) 100vw, 800px"
                      src="/static/19d6fa90d8c16a12c22f10dd36139c04/bc3a8/c2a86e7d-9037-478a-926d-8e2cc27cda69.jpg"
                      srcSet="/static/19d6fa90d8c16a12c22f10dd36139c04/d278e/c2a86e7d-9037-478a-926d-8e2cc27cda69.jpg 200w,
/static/19d6fa90d8c16a12c22f10dd36139c04/8539d/c2a86e7d-9037-478a-926d-8e2cc27cda69.jpg 400w,
/static/19d6fa90d8c16a12c22f10dd36139c04/bc3a8/c2a86e7d-9037-478a-926d-8e2cc27cda69.jpg 800w,
/static/19d6fa90d8c16a12c22f10dd36139c04/81ef8/c2a86e7d-9037-478a-926d-8e2cc27cda69.jpg 1200w,
/static/19d6fa90d8c16a12c22f10dd36139c04/989b1/c2a86e7d-9037-478a-926d-8e2cc27cda69.jpg 1600w,
/static/19d6fa90d8c16a12c22f10dd36139c04/c82f6/c2a86e7d-9037-478a-926d-8e2cc27cda69.jpg 2400w,
/static/19d6fa90d8c16a12c22f10dd36139c04/8c25d/c2a86e7d-9037-478a-926d-8e2cc27cda69.jpg 4400w"
                      style={
                        Object {
                          "opacity": 0,
                          "transition": "opacity 500ms",
                        }
                      }
                    >
                      <img
                        alt="Alt"
                        onLoad={[Function]}
                        sizes="(max-width: 800px) 100vw, 800px"
                        src="/static/19d6fa90d8c16a12c22f10dd36139c04/bc3a8/c2a86e7d-9037-478a-926d-8e2cc27cda69.jpg"
                        srcSet="/static/19d6fa90d8c16a12c22f10dd36139c04/d278e/c2a86e7d-9037-478a-926d-8e2cc27cda69.jpg 200w,
/static/19d6fa90d8c16a12c22f10dd36139c04/8539d/c2a86e7d-9037-478a-926d-8e2cc27cda69.jpg 400w,
/static/19d6fa90d8c16a12c22f10dd36139c04/bc3a8/c2a86e7d-9037-478a-926d-8e2cc27cda69.jpg 800w,
/static/19d6fa90d8c16a12c22f10dd36139c04/81ef8/c2a86e7d-9037-478a-926d-8e2cc27cda69.jpg 1200w,
/static/19d6fa90d8c16a12c22f10dd36139c04/989b1/c2a86e7d-9037-478a-926d-8e2cc27cda69.jpg 1600w,
/static/19d6fa90d8c16a12c22f10dd36139c04/c82f6/c2a86e7d-9037-478a-926d-8e2cc27cda69.jpg 2400w,
/static/19d6fa90d8c16a12c22f10dd36139c04/8c25d/c2a86e7d-9037-478a-926d-8e2cc27cda69.jpg 4400w"
                        style={
                          Object {
                            "height": "100%",
                            "left": 0,
                            "objectFit": "cover",
                            "objectPosition": "center",
                            "opacity": 0,
                            "position": "absolute",
                            "top": 0,
                            "transition": "opacity 500ms",
                            "width": "100%",
                          }
                        }
                      />
                    </ForwardRef>
                  </picture>
                  <noscript
                    dangerouslySetInnerHTML={
                      Object {
                        "__html": "<picture><source type='image/webp' srcset=\\"/static/19d6fa90d8c16a12c22f10dd36139c04/1932c/c2a86e7d-9037-478a-926d-8e2cc27cda69.webp 200w,
/static/19d6fa90d8c16a12c22f10dd36139c04/f4957/c2a86e7d-9037-478a-926d-8e2cc27cda69.webp 400w,
/static/19d6fa90d8c16a12c22f10dd36139c04/c6096/c2a86e7d-9037-478a-926d-8e2cc27cda69.webp 800w,
/static/19d6fa90d8c16a12c22f10dd36139c04/b6424/c2a86e7d-9037-478a-926d-8e2cc27cda69.webp 1200w,
/static/19d6fa90d8c16a12c22f10dd36139c04/7a72d/c2a86e7d-9037-478a-926d-8e2cc27cda69.webp 1600w,
/static/19d6fa90d8c16a12c22f10dd36139c04/c5845/c2a86e7d-9037-478a-926d-8e2cc27cda69.webp 2400w,
/static/19d6fa90d8c16a12c22f10dd36139c04/dc113/c2a86e7d-9037-478a-926d-8e2cc27cda69.webp 4400w\\" sizes=\\"(max-width: 800px) 100vw, 800px\\" /><img sizes=\\"(max-width: 800px) 100vw, 800px\\" srcset=\\"/static/19d6fa90d8c16a12c22f10dd36139c04/d278e/c2a86e7d-9037-478a-926d-8e2cc27cda69.jpg 200w,
/static/19d6fa90d8c16a12c22f10dd36139c04/8539d/c2a86e7d-9037-478a-926d-8e2cc27cda69.jpg 400w,
/static/19d6fa90d8c16a12c22f10dd36139c04/bc3a8/c2a86e7d-9037-478a-926d-8e2cc27cda69.jpg 800w,
/static/19d6fa90d8c16a12c22f10dd36139c04/81ef8/c2a86e7d-9037-478a-926d-8e2cc27cda69.jpg 1200w,
/static/19d6fa90d8c16a12c22f10dd36139c04/989b1/c2a86e7d-9037-478a-926d-8e2cc27cda69.jpg 1600w,
/static/19d6fa90d8c16a12c22f10dd36139c04/c82f6/c2a86e7d-9037-478a-926d-8e2cc27cda69.jpg 2400w,
/static/19d6fa90d8c16a12c22f10dd36139c04/8c25d/c2a86e7d-9037-478a-926d-8e2cc27cda69.jpg 4400w\\" src=\\"/static/19d6fa90d8c16a12c22f10dd36139c04/bc3a8/c2a86e7d-9037-478a-926d-8e2cc27cda69.jpg\\" alt=\\"Alt\\" style=\\"position:absolute;top:0;left:0;opacity:1;width:100%;height:100%;object-fit:cover;object-position:center\\"/></picture>",
                      }
                    }
                  />
                </div>
              </Image>
            </div>
          </ImageContainer>
        </AdaptiveImage>
      </Composition>
    </div>
    <div
      className="hero__copy hero__copy"
    >
      <div
        className="hero__container hero__container"
      >
        <div
          className="hero__header hero__header"
        >
          <Text
            tag={1}
            text="Header"
          >
            <h2>
              Header
            </h2>
          </Text>
        </div>
        <div
          className="hero__short-subheader  hero__shortSubheader"
        >
          <Text
            tag={2}
            text="Short subheader"
          >
            <h3>
              Short subheader
            </h3>
          </Text>
        </div>
        <div
          className="hero__long-subheader  hero__longSubheader"
        >
          <Text
            tag={7}
            text="Long subheader"
          >
            <p>
              Long subheader
            </p>
          </Text>
        </div>
        <div
          className="hero__ctaPrimary hero__cta-primary"
        >
          <Component
            onClick={[Function]}
          >
            <button
              className="button button"
              data-componentname="button"
              data-componentview="button"
              disabled={false}
              hidden={false}
              onClick={[Function]}
              type="button"
            >
              Primary CTA
            </button>
          </Component>
        </div>
        <div
          className="hero__ctaSecondary hero__cta-secondary"
        >
          <Component
            onClick={[Function]}
          >
            <button
              className="button button"
              data-componentname="button"
              data-componentview="button"
              disabled={false}
              hidden={false}
              onClick={[Function]}
              type="button"
            >
              Secondary CTA
            </button>
          </Component>
        </div>
      </div>
    </div>
  </div>
</Hero>
`;
